mode: set
test-gin/test/split/string/split.go:11.45,15.17 3 1
test-gin/test/split/string/split.go:20.2,20.17 1 1
test-gin/test/split/string/split.go:23.2,24.12 2 1
test-gin/test/split/string/split.go:15.17,19.3 3 1
test-gin/test/split/string/split.go:20.17,22.3 1 0
